------------------------------------------------------------
TimeQuest Timing Analyzer Summary
------------------------------------------------------------

Type  : Slow 1200mV 85C Model Setup 'clk'
Slack : -9.450
TNS   : -1471.691

Type  : Slow 1200mV 85C Model Hold 'clk'
Slack : 0.334
TNS   : 0.000

Type  : Slow 1200mV 85C Model Recovery 'clk'
Slack : -9.163
TNS   : -249.471

Type  : Slow 1200mV 85C Model Removal 'clk'
Slack : 1.147
TNS   : 0.000

Type  : Slow 1200mV 85C Model Minimum Pulse Width 'clk'
Slack : -3.000
TNS   : -523.696

Type  : Slow 1200mV 0C Model Setup 'clk'
Slack : -8.341
TNS   : -1281.343

Type  : Slow 1200mV 0C Model Hold 'clk'
Slack : 0.312
TNS   : 0.000

Type  : Slow 1200mV 0C Model Recovery 'clk'
Slack : -8.125
TNS   : -219.768

Type  : Slow 1200mV 0C Model Removal 'clk'
Slack : 1.025
TNS   : 0.000

Type  : Slow 1200mV 0C Model Minimum Pulse Width 'clk'
Slack : -3.000
TNS   : -523.696

Type  : Fast 1200mV 0C Model Setup 'clk'
Slack : -4.954
TNS   : -669.328

Type  : Fast 1200mV 0C Model Hold 'clk'
Slack : 0.163
TNS   : 0.000

Type  : Fast 1200mV 0C Model Recovery 'clk'
Slack : -4.718
TNS   : -126.899

Type  : Fast 1200mV 0C Model Removal 'clk'
Slack : 0.631
TNS   : 0.000

Type  : Fast 1200mV 0C Model Minimum Pulse Width 'clk'
Slack : -3.000
TNS   : -551.032

------------------------------------------------------------
