------------------------------------------------------------
TimeQuest Timing Analyzer Summary
------------------------------------------------------------

Type  : Slow 1200mV 85C Model Setup 'clk'
Slack : -9.090
TNS   : -1446.107

Type  : Slow 1200mV 85C Model Hold 'clk'
Slack : 0.321
TNS   : 0.000

Type  : Slow 1200mV 85C Model Recovery 'clk'
Slack : -9.069
TNS   : -253.828

Type  : Slow 1200mV 85C Model Removal 'clk'
Slack : 1.162
TNS   : 0.000

Type  : Slow 1200mV 85C Model Minimum Pulse Width 'clk'
Slack : -3.000
TNS   : -521.696

Type  : Slow 1200mV 0C Model Setup 'clk'
Slack : -8.059
TNS   : -1251.774

Type  : Slow 1200mV 0C Model Hold 'clk'
Slack : 0.312
TNS   : 0.000

Type  : Slow 1200mV 0C Model Recovery 'clk'
Slack : -8.059
TNS   : -224.674

Type  : Slow 1200mV 0C Model Removal 'clk'
Slack : 1.038
TNS   : 0.000

Type  : Slow 1200mV 0C Model Minimum Pulse Width 'clk'
Slack : -3.000
TNS   : -521.696

Type  : Fast 1200mV 0C Model Setup 'clk'
Slack : -4.873
TNS   : -655.390

Type  : Fast 1200mV 0C Model Hold 'clk'
Slack : 0.157
TNS   : 0.000

Type  : Fast 1200mV 0C Model Recovery 'clk'
Slack : -4.803
TNS   : -132.624

Type  : Fast 1200mV 0C Model Removal 'clk'
Slack : 0.640
TNS   : 0.000

Type  : Fast 1200mV 0C Model Minimum Pulse Width 'clk'
Slack : -3.000
TNS   : -549.134

------------------------------------------------------------
